==================== 2026-09-08T14:50:14.351722Z | 00000000-0000-0000-0000-000000000000 ====================
==================== 2026-09-08T14:50:14.352575Z | d96cd843-f326-42f2-8196-43b8424b8dea ====================
14:50:14.352929 [info ]: Starting dbt LSP server
14:50:14.352944 [info ]: Connecting to LSP client on port 8000
14:50:14.353223 [info ]: Successfully connected to LSP client
14:50:14.353231 [info ]: Creating LSP service...
14:50:14.353657 [info ]: Creating LSP server...
14:50:14.353661 [info ]: Starting LSP server...
14:50:14.362019 [info ]: Loading ~/.dbt/profiles.yml
14:50:14.362770 [info ]: Loading ~/.dbt/profiles.yml
14:50:14.363475 [info ]: Loading ~/.dbt/profiles.yml
14:50:14.363882 [info ]: Loading ~/.dbt/profiles.yml
14:50:14.364282 [info ]: Loading ~/.dbt/profiles.yml
14:50:14.364614 [info ]: Loading ~/.dbt/profiles.yml
14:50:14.364946 [info ]: Loading ~/.dbt/profiles.yml
14:50:14.365299 [info ]: Loading ~/.dbt/profiles.yml
14:50:14.365604 [info ]: Loading ~/.dbt/profiles.yml
14:50:14.365893 [info ]: Loading ~/.dbt/profiles.yml
14:50:14.366171 [info ]: Loading ~/.dbt/profiles.yml
14:50:14.366457 [info ]: Loading ~/.dbt/profiles.yml
14:50:14.690586 [info ]: Loading ~/.dbt/profiles.yml
14:50:16.305720 [info ]: Loading ~/.dbt/profiles.yml
14:51:16.303078 [info ]: Loading ~/.dbt/profiles.yml
14:51:16.881708 [info ]: Loading ~/.dbt/profiles.yml
14:53:09.847842 [info ]: Loading ~/.dbt/profiles.yml
14:53:10.330799 [info ]: Loading ~/.dbt/profiles.yml
14:54:07.406260 [info ]: Loading ~/.dbt/profiles.yml
14:54:20.075062 [info ]: Loading ~/.dbt/profiles.yml
14:54:43.413098 [info ]: Loading ~/.dbt/profiles.yml
14:55:13.855158 [info ]: Loading ~/.dbt/profiles.yml
14:55:32.501861 [info ]: Loading ~/.dbt/profiles.yml
14:55:52.167981 [info ]: Loading ~/.dbt/profiles.yml
14:56:10.364062 [info ]: Loading ~/.dbt/profiles.yml
14:56:10.865990 [info ]: Loading ~/.dbt/profiles.yml
14:56:22.045234 [info ]: Loading ~/.dbt/profiles.yml
14:56:31.103556 [info ]: Loading ~/.dbt/profiles.yml
14:56:33.258919 [info ]: Loading ~/.dbt/profiles.yml
14:57:30.274881 [info ]: Loading ~/.dbt/profiles.yml
14:57:55.224082 [info ]: Loading ~/.dbt/profiles.yml
14:58:25.934530 [info ]: Loading ~/.dbt/profiles.yml
14:58:44.925587 [info ]: Loading ~/.dbt/profiles.yml
14:59:10.920920 [info ]: Loading ~/.dbt/profiles.yml
14:59:11.412522 [info ]: Loading ~/.dbt/profiles.yml
14:59:15.705055 [info ]: Loading ~/.dbt/profiles.yml
14:59:44.667093 [info ]: Loading ~/.dbt/profiles.yml
15:00:18.949020 [info ]: Loading ~/.dbt/profiles.yml
15:00:50.558087 [info ]: Loading ~/.dbt/profiles.yml
15:01:16.270148 [info ]: Loading ~/.dbt/profiles.yml
15:01:18.763548 [info ]: Loading ~/.dbt/profiles.yml
15:01:33.808522 [info ]: Loading ~/.dbt/profiles.yml
15:01:43.695552 [info ]: Loading ~/.dbt/profiles.yml
15:01:44.528755 [info ]: Loading ~/.dbt/profiles.yml
15:01:47.153255 [info ]: Loading ~/.dbt/profiles.yml
